<?xml version="1.0"?>
<link_info>
   <banner>MSP430 Linker PC v4.2.1</banner>
   <copyright>Copyright (c) 2003-2013 Texas Instruments Incorporated</copyright>
   <link_time>0x5dee6e96</link_time>
   <link_errors>0x0</link_errors>
   <output_file>lab6.out</output_file>
   <entry_point>
      <name>_c_int00</name>
      <address>0x4514</address>
   </entry_point>
   <input_file_list>
      <input_file id="fl-2">
         <path>.\</path>
         <kind>object</kind>
         <file>structure.obj</file>
         <name>structure.obj</name>
      </input_file>
      <input_file id="fl-3">
         <path>.\</path>
         <kind>object</kind>
         <file>main.obj</file>
         <name>main.obj</name>
      </input_file>
      <input_file id="fl-4">
         <path>.\</path>
         <kind>object</kind>
         <file>CTS_Layer.obj</file>
         <name>CTS_Layer.obj</name>
      </input_file>
      <input_file id="fl-5">
         <path>.\</path>
         <kind>object</kind>
         <file>CTS_HAL.obj</file>
         <name>CTS_HAL.obj</name>
      </input_file>
      <input_file id="fl-25">
         <path>C:\ti\ccsv5\tools\compiler\msp430_4.2.1\lib\</path>
         <kind>archive</kind>
         <file>rts430x_lc_sd_eabi.lib</file>
         <name>boot.obj</name>
      </input_file>
      <input_file id="fl-26">
         <path>C:\ti\ccsv5\tools\compiler\msp430_4.2.1\lib\</path>
         <kind>archive</kind>
         <file>rts430x_lc_sd_eabi.lib</file>
         <name>copy_decompress_none.obj</name>
      </input_file>
      <input_file id="fl-27">
         <path>C:\ti\ccsv5\tools\compiler\msp430_4.2.1\lib\</path>
         <kind>archive</kind>
         <file>rts430x_lc_sd_eabi.lib</file>
         <name>copy_decompress_rle.obj</name>
      </input_file>
      <input_file id="fl-28">
         <path>C:\ti\ccsv5\tools\compiler\msp430_4.2.1\lib\</path>
         <kind>archive</kind>
         <file>rts430x_lc_sd_eabi.lib</file>
         <name>copy_zero_init.obj</name>
      </input_file>
      <input_file id="fl-29">
         <path>C:\ti\ccsv5\tools\compiler\msp430_4.2.1\lib\</path>
         <kind>archive</kind>
         <file>rts430x_lc_sd_eabi.lib</file>
         <name>cpy_util.obj</name>
      </input_file>
      <input_file id="fl-2a">
         <path>C:\ti\ccsv5\tools\compiler\msp430_4.2.1\lib\</path>
         <kind>archive</kind>
         <file>rts430x_lc_sd_eabi.lib</file>
         <name>div16u.obj</name>
      </input_file>
      <input_file id="fl-2b">
         <path>C:\ti\ccsv5\tools\compiler\msp430_4.2.1\lib\</path>
         <kind>archive</kind>
         <file>rts430x_lc_sd_eabi.lib</file>
         <name>div32s.obj</name>
      </input_file>
      <input_file id="fl-2c">
         <path>C:\ti\ccsv5\tools\compiler\msp430_4.2.1\lib\</path>
         <kind>archive</kind>
         <file>rts430x_lc_sd_eabi.lib</file>
         <name>div32u.obj</name>
      </input_file>
      <input_file id="fl-2d">
         <path>C:\ti\ccsv5\tools\compiler\msp430_4.2.1\lib\</path>
         <kind>archive</kind>
         <file>rts430x_lc_sd_eabi.lib</file>
         <name>exit.obj</name>
      </input_file>
      <input_file id="fl-2e">
         <path>C:\ti\ccsv5\tools\compiler\msp430_4.2.1\lib\</path>
         <kind>archive</kind>
         <file>rts430x_lc_sd_eabi.lib</file>
         <name>fabsl.obj</name>
      </input_file>
      <input_file id="fl-2f">
         <path>C:\ti\ccsv5\tools\compiler\msp430_4.2.1\lib\</path>
         <kind>archive</kind>
         <file>rts430x_lc_sd_eabi.lib</file>
         <name>fixdli.obj</name>
      </input_file>
      <input_file id="fl-30">
         <path>C:\ti\ccsv5\tools\compiler\msp430_4.2.1\lib\</path>
         <kind>archive</kind>
         <file>rts430x_lc_sd_eabi.lib</file>
         <name>fltid.obj</name>
      </input_file>
      <input_file id="fl-31">
         <path>C:\ti\ccsv5\tools\compiler\msp430_4.2.1\lib\</path>
         <kind>archive</kind>
         <file>rts430x_lc_sd_eabi.lib</file>
         <name>fltlid.obj</name>
      </input_file>
      <input_file id="fl-32">
         <path>C:\ti\ccsv5\tools\compiler\msp430_4.2.1\lib\</path>
         <kind>archive</kind>
         <file>rts430x_lc_sd_eabi.lib</file>
         <name>fs_itof.obj</name>
      </input_file>
      <input_file id="fl-33">
         <path>C:\ti\ccsv5\tools\compiler\msp430_4.2.1\lib\</path>
         <kind>archive</kind>
         <file>rts430x_lc_sd_eabi.lib</file>
         <name>fs_mpy.obj</name>
      </input_file>
      <input_file id="fl-34">
         <path>C:\ti\ccsv5\tools\compiler\msp430_4.2.1\lib\</path>
         <kind>archive</kind>
         <file>rts430x_lc_sd_eabi.lib</file>
         <name>fs_toi.obj</name>
      </input_file>
      <input_file id="fl-35">
         <path>C:\ti\ccsv5\tools\compiler\msp430_4.2.1\lib\</path>
         <kind>archive</kind>
         <file>rts430x_lc_sd_eabi.lib</file>
         <name>int41.obj</name>
      </input_file>
      <input_file id="fl-36">
         <path>C:\ti\ccsv5\tools\compiler\msp430_4.2.1\lib\</path>
         <kind>archive</kind>
         <file>rts430x_lc_sd_eabi.lib</file>
         <name>int42.obj</name>
      </input_file>
      <input_file id="fl-37">
         <path>C:\ti\ccsv5\tools\compiler\msp430_4.2.1\lib\</path>
         <kind>archive</kind>
         <file>rts430x_lc_sd_eabi.lib</file>
         <name>int43.obj</name>
      </input_file>
      <input_file id="fl-38">
         <path>C:\ti\ccsv5\tools\compiler\msp430_4.2.1\lib\</path>
         <kind>archive</kind>
         <file>rts430x_lc_sd_eabi.lib</file>
         <name>int44.obj</name>
      </input_file>
      <input_file id="fl-39">
         <path>C:\ti\ccsv5\tools\compiler\msp430_4.2.1\lib\</path>
         <kind>archive</kind>
         <file>rts430x_lc_sd_eabi.lib</file>
         <name>int45.obj</name>
      </input_file>
      <input_file id="fl-3a">
         <path>C:\ti\ccsv5\tools\compiler\msp430_4.2.1\lib\</path>
         <kind>archive</kind>
         <file>rts430x_lc_sd_eabi.lib</file>
         <name>int46.obj</name>
      </input_file>
      <input_file id="fl-3b">
         <path>C:\ti\ccsv5\tools\compiler\msp430_4.2.1\lib\</path>
         <kind>archive</kind>
         <file>rts430x_lc_sd_eabi.lib</file>
         <name>int47.obj</name>
      </input_file>
      <input_file id="fl-3c">
         <path>C:\ti\ccsv5\tools\compiler\msp430_4.2.1\lib\</path>
         <kind>archive</kind>
         <file>rts430x_lc_sd_eabi.lib</file>
         <name>int48.obj</name>
      </input_file>
      <input_file id="fl-3d">
         <path>C:\ti\ccsv5\tools\compiler\msp430_4.2.1\lib\</path>
         <kind>archive</kind>
         <file>rts430x_lc_sd_eabi.lib</file>
         <name>int49.obj</name>
      </input_file>
      <input_file id="fl-3e">
         <path>C:\ti\ccsv5\tools\compiler\msp430_4.2.1\lib\</path>
         <kind>archive</kind>
         <file>rts430x_lc_sd_eabi.lib</file>
         <name>int50.obj</name>
      </input_file>
      <input_file id="fl-3f">
         <path>C:\ti\ccsv5\tools\compiler\msp430_4.2.1\lib\</path>
         <kind>archive</kind>
         <file>rts430x_lc_sd_eabi.lib</file>
         <name>int51.obj</name>
      </input_file>
      <input_file id="fl-40">
         <path>C:\ti\ccsv5\tools\compiler\msp430_4.2.1\lib\</path>
         <kind>archive</kind>
         <file>rts430x_lc_sd_eabi.lib</file>
         <name>int52.obj</name>
      </input_file>
      <input_file id="fl-41">
         <path>C:\ti\ccsv5\tools\compiler\msp430_4.2.1\lib\</path>
         <kind>archive</kind>
         <file>rts430x_lc_sd_eabi.lib</file>
         <name>int53.obj</name>
      </input_file>
      <input_file id="fl-42">
         <path>C:\ti\ccsv5\tools\compiler\msp430_4.2.1\lib\</path>
         <kind>archive</kind>
         <file>rts430x_lc_sd_eabi.lib</file>
         <name>int55.obj</name>
      </input_file>
      <input_file id="fl-43">
         <path>C:\ti\ccsv5\tools\compiler\msp430_4.2.1\lib\</path>
         <kind>archive</kind>
         <file>rts430x_lc_sd_eabi.lib</file>
         <name>int56.obj</name>
      </input_file>
      <input_file id="fl-44">
         <path>C:\ti\ccsv5\tools\compiler\msp430_4.2.1\lib\</path>
         <kind>archive</kind>
         <file>rts430x_lc_sd_eabi.lib</file>
         <name>int57.obj</name>
      </input_file>
      <input_file id="fl-45">
         <path>C:\ti\ccsv5\tools\compiler\msp430_4.2.1\lib\</path>
         <kind>archive</kind>
         <file>rts430x_lc_sd_eabi.lib</file>
         <name>int58.obj</name>
      </input_file>
      <input_file id="fl-46">
         <path>C:\ti\ccsv5\tools\compiler\msp430_4.2.1\lib\</path>
         <kind>archive</kind>
         <file>rts430x_lc_sd_eabi.lib</file>
         <name>int59.obj</name>
      </input_file>
      <input_file id="fl-47">
         <path>C:\ti\ccsv5\tools\compiler\msp430_4.2.1\lib\</path>
         <kind>archive</kind>
         <file>rts430x_lc_sd_eabi.lib</file>
         <name>int60.obj</name>
      </input_file>
      <input_file id="fl-48">
         <path>C:\ti\ccsv5\tools\compiler\msp430_4.2.1\lib\</path>
         <kind>archive</kind>
         <file>rts430x_lc_sd_eabi.lib</file>
         <name>int61.obj</name>
      </input_file>
      <input_file id="fl-49">
         <path>C:\ti\ccsv5\tools\compiler\msp430_4.2.1\lib\</path>
         <kind>archive</kind>
         <file>rts430x_lc_sd_eabi.lib</file>
         <name>int62.obj</name>
      </input_file>
      <input_file id="fl-4a">
         <path>C:\ti\ccsv5\tools\compiler\msp430_4.2.1\lib\</path>
         <kind>archive</kind>
         <file>rts430x_lc_sd_eabi.lib</file>
         <name>isr_trap.obj</name>
      </input_file>
      <input_file id="fl-4b">
         <path>C:\ti\ccsv5\tools\compiler\msp430_4.2.1\lib\</path>
         <kind>archive</kind>
         <file>rts430x_lc_sd_eabi.lib</file>
         <name>lsl32.obj</name>
      </input_file>
      <input_file id="fl-4c">
         <path>C:\ti\ccsv5\tools\compiler\msp430_4.2.1\lib\</path>
         <kind>archive</kind>
         <file>rts430x_lc_sd_eabi.lib</file>
         <name>lsr32.obj</name>
      </input_file>
      <input_file id="fl-4d">
         <path>C:\ti\ccsv5\tools\compiler\msp430_4.2.1\lib\</path>
         <kind>archive</kind>
         <file>rts430x_lc_sd_eabi.lib</file>
         <name>memset.obj</name>
      </input_file>
      <input_file id="fl-4e">
         <path>C:\ti\ccsv5\tools\compiler\msp430_4.2.1\lib\</path>
         <kind>archive</kind>
         <file>rts430x_lc_sd_eabi.lib</file>
         <name>mult16_f5hw.obj</name>
      </input_file>
      <input_file id="fl-4f">
         <path>C:\ti\ccsv5\tools\compiler\msp430_4.2.1\lib\</path>
         <kind>archive</kind>
         <file>rts430x_lc_sd_eabi.lib</file>
         <name>negd.obj</name>
      </input_file>
      <input_file id="fl-50">
         <path>C:\ti\ccsv5\tools\compiler\msp430_4.2.1\lib\</path>
         <kind>archive</kind>
         <file>rts430x_lc_sd_eabi.lib</file>
         <name>pow.obj</name>
      </input_file>
      <input_file id="fl-51">
         <path>C:\ti\ccsv5\tools\compiler\msp430_4.2.1\lib\</path>
         <kind>archive</kind>
         <file>rts430x_lc_sd_eabi.lib</file>
         <name>pre_init.obj</name>
      </input_file>
      <input_file id="fl-52">
         <path>C:\ti\ccsv5\tools\compiler\msp430_4.2.1\lib\</path>
         <kind>archive</kind>
         <file>rts430x_lc_sd_eabi.lib</file>
         <name>subd.obj</name>
      </input_file>
      <input_file id="fl-53">
         <path>C:\ti\ccsv5\tools\compiler\msp430_4.2.1\lib\</path>
         <kind>archive</kind>
         <file>rts430x_lc_sd_eabi.lib</file>
         <name>xdint.obj</name>
      </input_file>
      <input_file id="fl-54">
         <path>C:\ti\ccsv5\tools\compiler\msp430_4.2.1\lib\</path>
         <kind>archive</kind>
         <file>rts430x_lc_sd_eabi.lib</file>
         <name>xdunscal.obj</name>
      </input_file>
      <input_file id="fl-55">
         <path>C:\ti\ccsv5\tools\compiler\msp430_4.2.1\lib\</path>
         <kind>archive</kind>
         <file>rts430x_lc_sd_eabi.lib</file>
         <name>xexp.obj</name>
      </input_file>
      <input_file id="fl-56">
         <path>C:\ti\ccsv5\tools\compiler\msp430_4.2.1\lib\</path>
         <kind>archive</kind>
         <file>rts430x_lc_sd_eabi.lib</file>
         <name>xferaise.obj</name>
      </input_file>
      <input_file id="fl-57">
         <path>C:\ti\ccsv5\tools\compiler\msp430_4.2.1\lib\</path>
         <kind>archive</kind>
         <file>rts430x_lc_sd_eabi.lib</file>
         <name>xldtest.obj</name>
      </input_file>
      <input_file id="fl-58">
         <path>C:\ti\ccsv5\tools\compiler\msp430_4.2.1\lib\</path>
         <kind>archive</kind>
         <file>rts430x_lc_sd_eabi.lib</file>
         <name>xlvalues.obj</name>
      </input_file>
      <input_file id="fl-59">
         <path>C:\ti\ccsv5\tools\compiler\msp430_4.2.1\lib\</path>
         <kind>archive</kind>
         <file>rts430x_lc_sd_eabi.lib</file>
         <name>xvalues.obj</name>
      </input_file>
      <input_file id="fl-5a">
         <path>C:\ti\ccsv5\tools\compiler\msp430_4.2.1\lib\</path>
         <kind>archive</kind>
         <file>rts430x_lc_sd_eabi.lib</file>
         <name>_lock.obj</name>
      </input_file>
      <input_file id="fl-5b">
         <path>C:\ti\ccsv5\tools\compiler\msp430_4.2.1\lib\</path>
         <kind>archive</kind>
         <file>rts430x_lc_sd_eabi.lib</file>
         <name>addd.obj</name>
      </input_file>
      <input_file id="fl-5c">
         <path>C:\ti\ccsv5\tools\compiler\msp430_4.2.1\lib\</path>
         <kind>archive</kind>
         <file>rts430x_lc_sd_eabi.lib</file>
         <name>args_main.obj</name>
      </input_file>
      <input_file id="fl-5d">
         <path>C:\ti\ccsv5\tools\compiler\msp430_4.2.1\lib\</path>
         <kind>archive</kind>
         <file>rts430x_lc_sd_eabi.lib</file>
         <name>autoinit.obj</name>
      </input_file>
      <input_file id="fl-5e">
         <path>C:\ti\ccsv5\tools\compiler\msp430_4.2.1\lib\</path>
         <kind>archive</kind>
         <file>rts430x_lc_sd_eabi.lib</file>
         <name>cmpd.obj</name>
      </input_file>
      <input_file id="fl-5f">
         <path>C:\ti\ccsv5\tools\compiler\msp430_4.2.1\lib\</path>
         <kind>archive</kind>
         <file>rts430x_lc_sd_eabi.lib</file>
         <name>divd.obj</name>
      </input_file>
      <input_file id="fl-60">
         <path>C:\ti\ccsv5\tools\compiler\msp430_4.2.1\lib\</path>
         <kind>archive</kind>
         <file>rts430x_lc_sd_eabi.lib</file>
         <name>errno.obj</name>
      </input_file>
      <input_file id="fl-61">
         <path>C:\ti\ccsv5\tools\compiler\msp430_4.2.1\lib\</path>
         <kind>archive</kind>
         <file>rts430x_lc_sd_eabi.lib</file>
         <name>feraiseexcept.obj</name>
      </input_file>
      <input_file id="fl-62">
         <path>C:\ti\ccsv5\tools\compiler\msp430_4.2.1\lib\</path>
         <kind>archive</kind>
         <file>rts430x_lc_sd_eabi.lib</file>
         <name>fixdi.obj</name>
      </input_file>
      <input_file id="fl-63">
         <path>C:\ti\ccsv5\tools\compiler\msp430_4.2.1\lib\</path>
         <kind>archive</kind>
         <file>rts430x_lc_sd_eabi.lib</file>
         <name>frcaddd.obj</name>
      </input_file>
      <input_file id="fl-64">
         <path>C:\ti\ccsv5\tools\compiler\msp430_4.2.1\lib\</path>
         <kind>archive</kind>
         <file>rts430x_lc_sd_eabi.lib</file>
         <name>frcdivd.obj</name>
      </input_file>
      <input_file id="fl-65">
         <path>C:\ti\ccsv5\tools\compiler\msp430_4.2.1\lib\</path>
         <kind>archive</kind>
         <file>rts430x_lc_sd_eabi.lib</file>
         <name>log.obj</name>
      </input_file>
      <input_file id="fl-66">
         <path>C:\ti\ccsv5\tools\compiler\msp430_4.2.1\lib\</path>
         <kind>archive</kind>
         <file>rts430x_lc_sd_eabi.lib</file>
         <name>mpyd.obj</name>
      </input_file>
      <input_file id="fl-67">
         <path>C:\ti\ccsv5\tools\compiler\msp430_4.2.1\lib\</path>
         <kind>archive</kind>
         <file>rts430x_lc_sd_eabi.lib</file>
         <name>mult32_f5hw.obj</name>
      </input_file>
      <input_file id="fl-68">
         <path>C:\ti\ccsv5\tools\compiler\msp430_4.2.1\lib\</path>
         <kind>archive</kind>
         <file>rts430x_lc_sd_eabi.lib</file>
         <name>raise.obj</name>
      </input_file>
      <input_file id="fl-69">
         <path>C:\ti\ccsv5\tools\compiler\msp430_4.2.1\lib\</path>
         <kind>archive</kind>
         <file>rts430x_lc_sd_eabi.lib</file>
         <name>renormd.obj</name>
      </input_file>
      <input_file id="fl-6a">
         <path>C:\ti\ccsv5\tools\compiler\msp430_4.2.1\lib\</path>
         <kind>archive</kind>
         <file>rts430x_lc_sd_eabi.lib</file>
         <name>signal.obj</name>
      </input_file>
      <input_file id="fl-6b">
         <path>C:\ti\ccsv5\tools\compiler\msp430_4.2.1\lib\</path>
         <kind>archive</kind>
         <file>rts430x_lc_sd_eabi.lib</file>
         <name>xdnorm.obj</name>
      </input_file>
      <input_file id="fl-6c">
         <path>C:\ti\ccsv5\tools\compiler\msp430_4.2.1\lib\</path>
         <kind>archive</kind>
         <file>rts430x_lc_sd_eabi.lib</file>
         <name>xdscale.obj</name>
      </input_file>
      <input_file id="fl-6d">
         <path>C:\ti\ccsv5\tools\compiler\msp430_4.2.1\lib\</path>
         <kind>archive</kind>
         <file>rts430x_lc_sd_eabi.lib</file>
         <name>xdtest.obj</name>
      </input_file>
      <input_file id="fl-6e">
         <path>C:\ti\ccsv5\tools\compiler\msp430_4.2.1\lib\</path>
         <kind>archive</kind>
         <file>rts430x_lc_sd_eabi.lib</file>
         <name>xlog.obj</name>
      </input_file>
      <input_file id="fl-6f">
         <path>C:\ti\ccsv5\tools\compiler\msp430_4.2.1\lib\</path>
         <kind>archive</kind>
         <file>rts430x_lc_sd_eabi.lib</file>
         <name>asr32.obj</name>
      </input_file>
      <input_file id="fl-70">
         <path>C:\ti\ccsv5\tools\compiler\msp430_4.2.1\lib\</path>
         <kind>archive</kind>
         <file>rts430x_lc_sd_eabi.lib</file>
         <name>cvtfd.obj</name>
      </input_file>
      <input_file id="fl-71">
         <path>C:\ti\ccsv5\tools\compiler\msp430_4.2.1\lib\</path>
         <kind>archive</kind>
         <file>rts430x_lc_sd_eabi.lib</file>
         <name>frcmpyd.obj</name>
      </input_file>
      <input_file id="fl-72">
         <path>C:\ti\ccsv5\tools\compiler\msp430_4.2.1\lib\</path>
         <kind>archive</kind>
         <file>rts430x_lc_sd_eabi.lib</file>
         <name>fs_neg.obj</name>
      </input_file>
      <input_file id="fl-73">
         <path>C:\ti\ccsv5\tools\compiler\msp430_4.2.1\lib\</path>
         <kind>archive</kind>
         <file>rts430x_lc_sd_eabi.lib</file>
         <name>lsl16.obj</name>
      </input_file>
      <input_file id="fl-74">
         <path>C:\ti\ccsv5\tools\compiler\msp430_4.2.1\lib\</path>
         <kind>archive</kind>
         <file>rts430x_lc_sd_eabi.lib</file>
         <name>lsr16.obj</name>
      </input_file>
      <input_file id="fl-75">
         <path>C:\ti\ccsv5\tools\compiler\msp430_4.2.1\lib\</path>
         <kind>archive</kind>
         <file>rts430x_lc_sd_eabi.lib</file>
         <name>xfvalues.obj</name>
      </input_file>
   </input_file_list>
   <object_component_list>
      <object_component id="oc-93">
         <name>.stack</name>
         <uninitialized>true</uninitialized>
         <run_address>0x4360</run_address>
         <size>0x2</size>
         <input_file_ref idref="fl-25"/>
      </object_component>
      <object_component id="oc-3da">
         <name>.stack</name>
         <uninitialized>true</uninitialized>
         <run_address>0x4360</run_address>
         <size>0x0</size>
      </object_component>
      <object_component id="oc-196">
         <name>.text:pow</name>
         <load_address>0x452e</load_address>
         <run_address>0x452e</run_address>
         <size>0x698</size>
         <input_file_ref idref="fl-50"/>
      </object_component>
      <object_component id="oc-28e">
         <name>.text:_Log</name>
         <load_address>0x4bc6</load_address>
         <run_address>0x4bc6</run_address>
         <size>0x448</size>
         <input_file_ref idref="fl-6e"/>
      </object_component>
      <object_component id="oc-295">
         <name>.text:__TI_frcdivd</name>
         <load_address>0x500e</load_address>
         <run_address>0x500e</run_address>
         <size>0x444</size>
         <input_file_ref idref="fl-64"/>
      </object_component>
      <object_component id="oc-16c">
         <name>.text:TI_CAPT_Custom</name>
         <load_address>0x5452</load_address>
         <run_address>0x5452</run_address>
         <size>0x3e0</size>
         <input_file_ref idref="fl-4"/>
      </object_component>
      <object_component id="oc-22c">
         <name>.text:_Exp</name>
         <load_address>0x5832</load_address>
         <run_address>0x5832</run_address>
         <size>0x390</size>
         <input_file_ref idref="fl-55"/>
      </object_component>
      <object_component id="oc-283">
         <name>.text:__TI_frcmpyd</name>
         <load_address>0x5bc2</load_address>
         <run_address>0x5bc2</run_address>
         <size>0x2da</size>
         <input_file_ref idref="fl-71"/>
      </object_component>
      <object_component id="oc-20e">
         <name>.text:__mspabi_addd</name>
         <load_address>0x5e9c</load_address>
         <run_address>0x5e9c</run_address>
         <size>0x2d8</size>
         <input_file_ref idref="fl-5b"/>
      </object_component>
      <object_component id="oc-27c">
         <name>.text:__TI_frcaddd</name>
         <load_address>0x6174</load_address>
         <run_address>0x6174</run_address>
         <size>0x260</size>
         <input_file_ref idref="fl-63"/>
      </object_component>
      <object_component id="oc-213">
         <name>.text:__mspabi_mpyd</name>
         <load_address>0x63d4</load_address>
         <run_address>0x63d4</run_address>
         <size>0x244</size>
         <input_file_ref idref="fl-66"/>
      </object_component>
      <object_component id="oc-227">
         <name>.text:__mspabi_divd</name>
         <load_address>0x6618</load_address>
         <run_address>0x6618</run_address>
         <size>0x218</size>
         <input_file_ref idref="fl-5f"/>
      </object_component>
      <object_component id="oc-2a0">
         <name>.text:_Dscale</name>
         <load_address>0x6830</load_address>
         <run_address>0x6830</run_address>
         <size>0x1a0</size>
         <input_file_ref idref="fl-6c"/>
      </object_component>
      <object_component id="oc-1fd">
         <name>.text:__mspabi_cmpd</name>
         <load_address>0x69d0</load_address>
         <run_address>0x69d0</run_address>
         <size>0x134</size>
         <input_file_ref idref="fl-5e"/>
      </object_component>
      <object_component id="oc-25f">
         <name>.text:_Dnorm</name>
         <load_address>0x6b04</load_address>
         <run_address>0x6b04</run_address>
         <size>0xfc</size>
         <input_file_ref idref="fl-6b"/>
      </object_component>
      <object_component id="oc-c6">
         <name>.text:__TI_decompress_rle_core</name>
         <load_address>0x6c00</load_address>
         <run_address>0x6c00</run_address>
         <size>0xd8</size>
         <input_file_ref idref="fl-27"/>
      </object_component>
      <object_component id="oc-123">
         <name>.text:printNumber</name>
         <load_address>0x6cd8</load_address>
         <run_address>0x6cd8</run_address>
         <size>0xd8</size>
         <input_file_ref idref="fl-3"/>
      </object_component>
      <object_component id="oc-a4">
         <name>.text:main</name>
         <load_address>0x6db0</load_address>
         <run_address>0x6db0</run_address>
         <size>0xd4</size>
         <input_file_ref idref="fl-3"/>
      </object_component>
      <object_component id="oc-1c5">
         <name>.text:TI_CTS_fRO_COMPB_TA1_SW_HAL</name>
         <load_address>0x6e84</load_address>
         <run_address>0x6e84</run_address>
         <size>0xce</size>
         <input_file_ref idref="fl-5"/>
      </object_component>
      <object_component id="oc-174">
         <name>.text:Dominant_Element</name>
         <load_address>0x6f52</load_address>
         <run_address>0x6f52</run_address>
         <size>0xca</size>
         <input_file_ref idref="fl-4"/>
      </object_component>
      <object_component id="oc-1f8">
         <name>.text:_Dint</name>
         <load_address>0x701c</load_address>
         <run_address>0x701c</run_address>
         <size>0xc6</size>
         <input_file_ref idref="fl-53"/>
      </object_component>
      <object_component id="oc-11b">
         <name>.text</name>
         <load_address>0x70e2</load_address>
         <run_address>0x70e2</run_address>
         <size>0xb6</size>
         <input_file_ref idref="fl-33"/>
      </object_component>
      <object_component id="oc-2db">
         <name>.text:__TI_renormd</name>
         <load_address>0x7198</load_address>
         <run_address>0x7198</run_address>
         <size>0xb4</size>
         <input_file_ref idref="fl-69"/>
      </object_component>
      <object_component id="oc-1a0">
         <name>.text:__mspabi_fltlid</name>
         <load_address>0x724c</load_address>
         <run_address>0x724c</run_address>
         <size>0xa0</size>
         <input_file_ref idref="fl-31"/>
      </object_component>
      <object_component id="oc-1a5">
         <name>.text:fabsl</name>
         <load_address>0x72ec</load_address>
         <run_address>0x72ec</run_address>
         <size>0x8a</size>
         <input_file_ref idref="fl-2e"/>
      </object_component>
      <object_component id="oc-19b">
         <name>.text:__mspabi_fixdli</name>
         <load_address>0x7376</load_address>
         <run_address>0x7376</run_address>
         <size>0x80</size>
         <input_file_ref idref="fl-2f"/>
      </object_component>
      <object_component id="oc-2fa">
         <name>.text:__mspabi_cvtfd</name>
         <load_address>0x73f6</load_address>
         <run_address>0x73f6</run_address>
         <size>0x74</size>
         <input_file_ref idref="fl-70"/>
      </object_component>
      <object_component id="oc-1f3">
         <name>.text:_Dunscale</name>
         <load_address>0x746a</load_address>
         <run_address>0x746a</run_address>
         <size>0x72</size>
         <input_file_ref idref="fl-54"/>
      </object_component>
      <object_component id="oc-9f">
         <name>.text:_auto_init</name>
         <load_address>0x74dc</load_address>
         <run_address>0x74dc</run_address>
         <size>0x70</size>
         <input_file_ref idref="fl-5d"/>
      </object_component>
      <object_component id="oc-11f">
         <name>.text</name>
         <load_address>0x754c</load_address>
         <run_address>0x754c</run_address>
         <size>0x68</size>
         <input_file_ref idref="fl-34"/>
      </object_component>
      <object_component id="oc-dd">
         <name>.text:Dogs102x6_init</name>
         <load_address>0x75b4</load_address>
         <run_address>0x75b4</run_address>
         <size>0x5e</size>
         <input_file_ref idref="fl-3"/>
      </object_component>
      <object_component id="oc-102">
         <name>.text:TI_CAPT_Update_Baseline</name>
         <load_address>0x7612</load_address>
         <run_address>0x7612</run_address>
         <size>0x58</size>
         <input_file_ref idref="fl-4"/>
      </object_component>
      <object_component id="oc-250">
         <name>.text</name>
         <load_address>0x766a</load_address>
         <run_address>0x766a</run_address>
         <size>0x58</size>
         <input_file_ref idref="fl-2c"/>
      </object_component>
      <object_component id="oc-2b0">
         <name>.text:_Dtest</name>
         <load_address>0x76c2</load_address>
         <run_address>0x76c2</run_address>
         <size>0x56</size>
         <input_file_ref idref="fl-6d"/>
      </object_component>
      <object_component id="oc-146">
         <name>.text:Dogs102x6_setAddress</name>
         <load_address>0x7718</load_address>
         <run_address>0x7718</run_address>
         <size>0x50</size>
         <input_file_ref idref="fl-3"/>
      </object_component>
      <object_component id="oc-f6">
         <name>.text:SetVcoreUp</name>
         <load_address>0x7768</load_address>
         <run_address>0x7768</run_address>
         <size>0x4e</size>
         <input_file_ref idref="fl-3"/>
      </object_component>
      <object_component id="oc-e7">
         <name>.text:Dogs102x6_clearScreen</name>
         <load_address>0x77b6</load_address>
         <run_address>0x77b6</run_address>
         <size>0x40</size>
         <input_file_ref idref="fl-3"/>
      </object_component>
      <object_component id="oc-b4">
         <name>.text:__memcpy_far</name>
         <load_address>0x77f6</load_address>
         <run_address>0x77f6</run_address>
         <size>0x40</size>
         <input_file_ref idref="fl-29"/>
      </object_component>
      <object_component id="oc-1aa">
         <name>.text</name>
         <load_address>0x7836</load_address>
         <run_address>0x7836</run_address>
         <size>0x40</size>
         <input_file_ref idref="fl-2b"/>
      </object_component>
      <object_component id="oc-89">
         <name>.text:decompress:ZI:__TI_zero_init</name>
         <load_address>0x7876</load_address>
         <run_address>0x7876</run_address>
         <size>0x3e</size>
         <input_file_ref idref="fl-28"/>
      </object_component>
      <object_component id="oc-188">
         <name>.text:getNumberLength</name>
         <load_address>0x78b4</load_address>
         <run_address>0x78b4</run_address>
         <size>0x3e</size>
         <input_file_ref idref="fl-3"/>
      </object_component>
      <object_component id="oc-2e8">
         <name>.text:l_asr_const</name>
         <load_address>0x78f2</load_address>
         <run_address>0x78f2</run_address>
         <size>0x3e</size>
         <input_file_ref idref="fl-6f"/>
      </object_component>
      <object_component id="oc-233">
         <name>.text:l_lsl_const</name>
         <load_address>0x7930</load_address>
         <run_address>0x7930</run_address>
         <size>0x3e</size>
         <input_file_ref idref="fl-4b"/>
      </object_component>
      <object_component id="oc-242">
         <name>.text:l_lsr_const</name>
         <load_address>0x796e</load_address>
         <run_address>0x796e</run_address>
         <size>0x3e</size>
         <input_file_ref idref="fl-4c"/>
      </object_component>
      <object_component id="oc-84">
         <name>.text:decompress:none:__TI_decompress_none</name>
         <load_address>0x79ac</load_address>
         <run_address>0x79ac</run_address>
         <size>0x3c</size>
         <input_file_ref idref="fl-26"/>
      </object_component>
      <object_component id="oc-109">
         <name>.text:TI_CAPT_Buttons</name>
         <load_address>0x79e8</load_address>
         <run_address>0x79e8</run_address>
         <size>0x38</size>
         <input_file_ref idref="fl-4"/>
      </object_component>
      <object_component id="oc-115">
         <name>.text</name>
         <load_address>0x7a20</load_address>
         <run_address>0x7a20</run_address>
         <size>0x36</size>
         <input_file_ref idref="fl-32"/>
      </object_component>
      <object_component id="oc-327">
         <name>.text:signal</name>
         <load_address>0x7a56</load_address>
         <run_address>0x7a56</run_address>
         <size>0x36</size>
         <input_file_ref idref="fl-6a"/>
      </object_component>
      <object_component id="oc-13a">
         <name>.text:Dogs102x6_writeCommand</name>
         <load_address>0x7a8c</load_address>
         <run_address>0x7a8c</run_address>
         <size>0x32</size>
         <input_file_ref idref="fl-3"/>
      </object_component>
      <object_component id="oc-14b">
         <name>.text:Dogs102x6_writeData</name>
         <load_address>0x7abe</load_address>
         <run_address>0x7abe</run_address>
         <size>0x32</size>
         <input_file_ref idref="fl-3"/>
      </object_component>
      <object_component id="oc-202">
         <name>.text:_Feraise</name>
         <load_address>0x7af0</load_address>
         <run_address>0x7af0</run_address>
         <size>0x32</size>
         <input_file_ref idref="fl-56"/>
      </object_component>
      <object_component id="oc-218">
         <name>.text:__mspabi_subd</name>
         <load_address>0x7b22</load_address>
         <run_address>0x7b22</run_address>
         <size>0x32</size>
         <input_file_ref idref="fl-52"/>
      </object_component>
      <object_component id="oc-2cb">
         <name>.text:raise</name>
         <load_address>0x7b54</load_address>
         <run_address>0x7b54</run_address>
         <size>0x32</size>
         <input_file_ref idref="fl-68"/>
      </object_component>
      <object_component id="oc-26c">
         <name>.text:feraiseexcept</name>
         <load_address>0x7b86</load_address>
         <run_address>0x7b86</run_address>
         <size>0x30</size>
         <input_file_ref idref="fl-61"/>
      </object_component>
      <object_component id="oc-209">
         <name>.text:__mspabi_negd</name>
         <load_address>0x7bb6</load_address>
         <run_address>0x7bb6</run_address>
         <size>0x2a</size>
         <input_file_ref idref="fl-4f"/>
      </object_component>
      <object_component id="oc-21d">
         <name>.text:__mspabi_fixdi</name>
         <load_address>0x7be0</load_address>
         <run_address>0x7be0</run_address>
         <size>0x28</size>
         <input_file_ref idref="fl-62"/>
      </object_component>
      <object_component id="oc-2e4">
         <name>.text</name>
         <load_address>0x7c08</load_address>
         <run_address>0x7c08</run_address>
         <size>0x22</size>
         <input_file_ref idref="fl-67"/>
      </object_component>
      <object_component id="oc-ec">
         <name>.text:ADC12A_init</name>
         <load_address>0x7c2a</load_address>
         <run_address>0x7c2a</run_address>
         <size>0x1c</size>
         <input_file_ref idref="fl-3"/>
      </object_component>
      <object_component id="oc-f1">
         <name>.text:Potentiometer_init</name>
         <load_address>0x7c46</load_address>
         <run_address>0x7c46</run_address>
         <size>0x1a</size>
         <input_file_ref idref="fl-3"/>
      </object_component>
      <object_component id="oc-1e7">
         <name>.text</name>
         <load_address>0x7c60</load_address>
         <run_address>0x7c60</run_address>
         <size>0x16</size>
         <input_file_ref idref="fl-2a"/>
      </object_component>
      <object_component id="oc-1ae">
         <name>.text</name>
         <load_address>0x7c76</load_address>
         <run_address>0x7c76</run_address>
         <size>0x16</size>
         <input_file_ref idref="fl-4e"/>
      </object_component>
      <object_component id="oc-e2">
         <name>.text:Dogs102x6_backlightInit</name>
         <load_address>0x7c8c</load_address>
         <run_address>0x7c8c</run_address>
         <size>0x14</size>
         <input_file_ref idref="fl-3"/>
      </object_component>
      <object_component id="oc-141">
         <name>.text:memset</name>
         <load_address>0x7ca0</load_address>
         <run_address>0x7ca0</run_address>
         <size>0x14</size>
         <input_file_ref idref="fl-4d"/>
      </object_component>
      <object_component id="oc-fd">
         <name>.text:TI_CAPT_Init_Baseline</name>
         <load_address>0x7cb4</load_address>
         <run_address>0x7cb4</run_address>
         <size>0x10</size>
         <input_file_ref idref="fl-4"/>
      </object_component>
      <object_component id="oc-2d7">
         <name>.text:l_asr</name>
         <load_address>0x7cc4</load_address>
         <run_address>0x7cc4</run_address>
         <size>0x10</size>
         <input_file_ref idref="fl-6f"/>
      </object_component>
      <object_component id="oc-2d3">
         <name>.text:l_lsl</name>
         <load_address>0x7cd4</load_address>
         <run_address>0x7cd4</run_address>
         <size>0x10</size>
         <input_file_ref idref="fl-4b"/>
      </object_component>
      <object_component id="oc-237">
         <name>.text:l_lsr</name>
         <load_address>0x7ce4</load_address>
         <run_address>0x7ce4</run_address>
         <size>0x10</size>
         <input_file_ref idref="fl-4c"/>
      </object_component>
      <object_component id="oc-15e">
         <name>.text:TI_CAPT_Raw</name>
         <load_address>0x7cf4</load_address>
         <run_address>0x7cf4</run_address>
         <size>0xe</size>
         <input_file_ref idref="fl-4"/>
      </object_component>
      <object_component id="oc-8e">
         <name>.text:decompress:rle24:__TI_decompress_rle24</name>
         <load_address>0x7d02</load_address>
         <run_address>0x7d02</run_address>
         <size>0xe</size>
         <input_file_ref idref="fl-27"/>
      </object_component>
      <object_component id="oc-222">
         <name>.text:log</name>
         <load_address>0x7d10</load_address>
         <run_address>0x7d10</run_address>
         <size>0xe</size>
         <input_file_ref idref="fl-65"/>
      </object_component>
      <object_component id="oc-191">
         <name>.text:__mspabi_fltid</name>
         <load_address>0x7d1e</load_address>
         <run_address>0x7d1e</run_address>
         <size>0xc</size>
         <input_file_ref idref="fl-30"/>
      </object_component>
      <object_component id="oc-2f6">
         <name>.text</name>
         <load_address>0x7d2a</load_address>
         <run_address>0x7d2a</run_address>
         <size>0xa</size>
         <input_file_ref idref="fl-72"/>
      </object_component>
      <object_component id="oc-311">
         <name>.text</name>
         <load_address>0x7d34</load_address>
         <run_address>0x7d34</run_address>
         <size>0xa</size>
         <input_file_ref idref="fl-73"/>
      </object_component>
      <object_component id="oc-30d">
         <name>.text</name>
         <load_address>0x7d3e</load_address>
         <run_address>0x7d3e</run_address>
         <size>0xa</size>
         <input_file_ref idref="fl-74"/>
      </object_component>
      <object_component id="oc-96">
         <name>.text:__TI_ISR_TRAP</name>
         <load_address>0x7d48</load_address>
         <run_address>0x7d48</run_address>
         <size>0x6</size>
         <input_file_ref idref="fl-4a"/>
      </object_component>
      <object_component id="oc-248">
         <name>.text:_LDtest</name>
         <load_address>0x7d4e</load_address>
         <run_address>0x7d4e</run_address>
         <size>0x4</size>
         <input_file_ref idref="fl-57"/>
      </object_component>
      <object_component id="oc-9a">
         <name>.text:_system_pre_init</name>
         <load_address>0x7d52</load_address>
         <run_address>0x7d52</run_address>
         <size>0x4</size>
         <input_file_ref idref="fl-51"/>
      </object_component>
      <object_component id="oc-a9">
         <name>.text:abort</name>
         <load_address>0x7d56</load_address>
         <run_address>0x7d56</run_address>
         <size>0x4</size>
         <input_file_ref idref="fl-2d"/>
      </object_component>
      <object_component id="oc-361">
         <name>.text:_nop</name>
         <load_address>0x7d5a</load_address>
         <run_address>0x7d5a</run_address>
         <size>0x2</size>
         <input_file_ref idref="fl-5a"/>
      </object_component>
      <object_component id="oc-af">
         <name>.text:_isr:ADC12_ISR</name>
         <load_address>0x44d0</load_address>
         <run_address>0x44d0</run_address>
         <size>0x44</size>
         <input_file_ref idref="fl-3"/>
      </object_component>
      <object_component id="oc-72">
         <name>.text:_isr:_c_int00_noexit</name>
         <load_address>0x4514</load_address>
         <run_address>0x4514</run_address>
         <size>0x1a</size>
         <input_file_ref idref="fl-25"/>
      </object_component>
      <object_component id="oc-3d9">
         <name>.cinit..data.load</name>
         <load_address>0x7d5c</load_address>
         <run_address>0x7d5c</run_address>
         <size>0x116</size>
      </object_component>
      <object_component id="oc-3d6">
         <name>__TI_handler_table</name>
         <load_address>0x7e72</load_address>
         <run_address>0x7e72</run_address>
         <size>0xc</size>
      </object_component>
      <object_component id="oc-3d8">
         <name>.cinit..bss.load</name>
         <load_address>0x7e7e</load_address>
         <run_address>0x7e7e</run_address>
         <size>0x6</size>
      </object_component>
      <object_component id="oc-3d7">
         <name>__TI_cinit_table</name>
         <load_address>0x7e84</load_address>
         <run_address>0x7e84</run_address>
         <size>0x10</size>
      </object_component>
      <object_component id="oc-fb">
         <name>.const</name>
         <load_address>0x4400</load_address>
         <run_address>0x4400</run_address>
         <size>0x3c</size>
         <input_file_ref idref="fl-2"/>
      </object_component>
      <object_component id="oc-2ff">
         <name>.const:p</name>
         <load_address>0x443c</load_address>
         <run_address>0x443c</run_address>
         <size>0x38</size>
         <input_file_ref idref="fl-6e"/>
      </object_component>
      <object_component id="oc-266">
         <name>.const:mask$1</name>
         <load_address>0x4474</load_address>
         <run_address>0x4474</run_address>
         <size>0x20</size>
         <input_file_ref idref="fl-53"/>
      </object_component>
      <object_component id="oc-29c">
         <name>.const:s</name>
         <load_address>0x4494</load_address>
         <run_address>0x4494</run_address>
         <size>0x18</size>
         <input_file_ref idref="fl-55"/>
      </object_component>
      <object_component id="oc-29e">
         <name>.const:c</name>
         <load_address>0x44ac</load_address>
         <run_address>0x44ac</run_address>
         <size>0x10</size>
         <input_file_ref idref="fl-55"/>
      </object_component>
      <object_component id="oc-267">
         <name>.const:sub$2</name>
         <load_address>0x44bc</load_address>
         <run_address>0x44bc</run_address>
         <size>0x8</size>
         <input_file_ref idref="fl-53"/>
      </object_component>
      <object_component id="oc-107">
         <name>.const:.string:LED_PADx</name>
         <load_address>0x44c4</load_address>
         <run_address>0x44c4</run_address>
         <size>0x5</size>
         <input_file_ref idref="fl-3"/>
      </object_component>
      <object_component id="oc-119">
         <name>.const</name>
         <load_address>0x44ca</load_address>
         <run_address>0x44ca</run_address>
         <size>0x4</size>
         <input_file_ref idref="fl-3"/>
      </object_component>
      <object_component id="oc-1bd">
         <name>.const:.string:$P$T0$1</name>
         <load_address>0x44ce</load_address>
         <run_address>0x44ce</run_address>
         <size>0x2</size>
         <input_file_ref idref="fl-3"/>
      </object_component>
      <object_component id="oc-69">
         <name>.int41</name>
         <load_address>0xffd2</load_address>
         <run_address>0xffd2</run_address>
         <size>0x2</size>
         <input_file_ref idref="fl-35"/>
      </object_component>
      <object_component id="oc-6a">
         <name>.int42</name>
         <load_address>0xffd4</load_address>
         <run_address>0xffd4</run_address>
         <size>0x2</size>
         <input_file_ref idref="fl-36"/>
      </object_component>
      <object_component id="oc-6b">
         <name>.int43</name>
         <load_address>0xffd6</load_address>
         <run_address>0xffd6</run_address>
         <size>0x2</size>
         <input_file_ref idref="fl-37"/>
      </object_component>
      <object_component id="oc-6c">
         <name>.int44</name>
         <load_address>0xffd8</load_address>
         <run_address>0xffd8</run_address>
         <size>0x2</size>
         <input_file_ref idref="fl-38"/>
      </object_component>
      <object_component id="oc-6d">
         <name>.int45</name>
         <load_address>0xffda</load_address>
         <run_address>0xffda</run_address>
         <size>0x2</size>
         <input_file_ref idref="fl-39"/>
      </object_component>
      <object_component id="oc-6e">
         <name>.int46</name>
         <load_address>0xffdc</load_address>
         <run_address>0xffdc</run_address>
         <size>0x2</size>
         <input_file_ref idref="fl-3a"/>
      </object_component>
      <object_component id="oc-6f">
         <name>.int47</name>
         <load_address>0xffde</load_address>
         <run_address>0xffde</run_address>
         <size>0x2</size>
         <input_file_ref idref="fl-3b"/>
      </object_component>
      <object_component id="oc-70">
         <name>.int48</name>
         <load_address>0xffe0</load_address>
         <run_address>0xffe0</run_address>
         <size>0x2</size>
         <input_file_ref idref="fl-3c"/>
      </object_component>
      <object_component id="oc-71">
         <name>.int49</name>
         <load_address>0xffe2</load_address>
         <run_address>0xffe2</run_address>
         <size>0x2</size>
         <input_file_ref idref="fl-3d"/>
      </object_component>
      <object_component id="oc-77">
         <name>.int50</name>
         <load_address>0xffe4</load_address>
         <run_address>0xffe4</run_address>
         <size>0x2</size>
         <input_file_ref idref="fl-3e"/>
      </object_component>
      <object_component id="oc-78">
         <name>.int51</name>
         <load_address>0xffe6</load_address>
         <run_address>0xffe6</run_address>
         <size>0x2</size>
         <input_file_ref idref="fl-3f"/>
      </object_component>
      <object_component id="oc-79">
         <name>.int52</name>
         <load_address>0xffe8</load_address>
         <run_address>0xffe8</run_address>
         <size>0x2</size>
         <input_file_ref idref="fl-40"/>
      </object_component>
      <object_component id="oc-7a">
         <name>.int53</name>
         <load_address>0xffea</load_address>
         <run_address>0xffea</run_address>
         <size>0x2</size>
         <input_file_ref idref="fl-41"/>
      </object_component>
      <object_component id="oc-7b">
         <name>.int54</name>
         <load_address>0xffec</load_address>
         <run_address>0xffec</run_address>
         <size>0x2</size>
         <input_file_ref idref="fl-3"/>
      </object_component>
      <object_component id="oc-7c">
         <name>.int55</name>
         <load_address>0xffee</load_address>
         <run_address>0xffee</run_address>
         <size>0x2</size>
         <input_file_ref idref="fl-42"/>
      </object_component>
      <object_component id="oc-7d">
         <name>.int56</name>
         <load_address>0xfff0</load_address>
         <run_address>0xfff0</run_address>
         <size>0x2</size>
         <input_file_ref idref="fl-43"/>
      </object_component>
      <object_component id="oc-7e">
         <name>.int57</name>
         <load_address>0xfff2</load_address>
         <run_address>0xfff2</run_address>
         <size>0x2</size>
         <input_file_ref idref="fl-44"/>
      </object_component>
      <object_component id="oc-7f">
         <name>.int58</name>
         <load_address>0xfff4</load_address>
         <run_address>0xfff4</run_address>
         <size>0x2</size>
         <input_file_ref idref="fl-45"/>
      </object_component>
      <object_component id="oc-80">
         <name>.int59</name>
         <load_address>0xfff6</load_address>
         <run_address>0xfff6</run_address>
         <size>0x2</size>
         <input_file_ref idref="fl-46"/>
      </object_component>
      <object_component id="oc-81">
         <name>.int60</name>
         <load_address>0xfff8</load_address>
         <run_address>0xfff8</run_address>
         <size>0x2</size>
         <input_file_ref idref="fl-47"/>
      </object_component>
      <object_component id="oc-82">
         <name>.int61</name>
         <load_address>0xfffa</load_address>
         <run_address>0xfffa</run_address>
         <size>0x2</size>
         <input_file_ref idref="fl-48"/>
      </object_component>
      <object_component id="oc-83">
         <name>.int62</name>
         <load_address>0xfffc</load_address>
         <run_address>0xfffc</run_address>
         <size>0x2</size>
         <input_file_ref idref="fl-49"/>
      </object_component>
      <object_component id="oc-95">
         <name>.reset</name>
         <load_address>0xfffe</load_address>
         <run_address>0xfffe</run_address>
         <size>0x2</size>
         <input_file_ref idref="fl-25"/>
      </object_component>
      <object_component id="oc-112">
         <name>.common:pressedKey</name>
         <uninitialized>true</uninitialized>
         <run_address>0x26d0</run_address>
         <size>0x2</size>
      </object_component>
      <object_component id="oc-1e3">
         <name>.common:baseCnt</name>
         <uninitialized>true</uninitialized>
         <run_address>0x26bc</run_address>
         <size>0xa</size>
      </object_component>
      <object_component id="oc-173">
         <name>.common:measCnt</name>
         <uninitialized>true</uninitialized>
         <run_address>0x26c6</run_address>
         <size>0xa</size>
      </object_component>
      <object_component id="oc-110">
         <name>.data:ELEMENT_PADx</name>
         <load_address>0x269c</load_address>
         <run_address>0x269c</run_address>
         <size>0xa</size>
         <input_file_ref idref="fl-3"/>
      </object_component>
      <object_component id="oc-138">
         <name>.data:Dogs102x6_initMacro</name>
         <load_address>0x268c</load_address>
         <run_address>0x268c</run_address>
         <size>0x10</size>
         <input_file_ref idref="fl-3"/>
      </object_component>
      <object_component id="oc-171">
         <name>.data</name>
         <load_address>0x26b6</load_address>
         <run_address>0x26b6</run_address>
         <size>0x2</size>
         <input_file_ref idref="fl-4"/>
      </object_component>
      <object_component id="oc-18d">
         <name>.data</name>
         <load_address>0x26b8</load_address>
         <run_address>0x26b8</run_address>
         <size>0x2</size>
         <input_file_ref idref="fl-3"/>
      </object_component>
      <object_component id="oc-18f">
         <name>.data:symbols</name>
         <load_address>0x24b0</load_address>
         <run_address>0x24b0</run_address>
         <size>0x84</size>
         <input_file_ref idref="fl-3"/>
      </object_component>
      <object_component id="oc-207">
         <name>.data</name>
         <load_address>0x2534</load_address>
         <run_address>0x2534</run_address>
         <size>0x80</size>
         <input_file_ref idref="fl-59"/>
      </object_component>
      <object_component id="oc-24d">
         <name>.data</name>
         <load_address>0x25b4</load_address>
         <run_address>0x25b4</run_address>
         <size>0x70</size>
         <input_file_ref idref="fl-58"/>
      </object_component>
      <object_component id="oc-271">
         <name>.data</name>
         <load_address>0x26ba</load_address>
         <run_address>0x26ba</run_address>
         <size>0x2</size>
         <input_file_ref idref="fl-60"/>
      </object_component>
      <object_component id="oc-2c9">
         <name>.data</name>
         <load_address>0x26ae</load_address>
         <run_address>0x26ae</run_address>
         <size>0x8</size>
         <input_file_ref idref="fl-61"/>
      </object_component>
      <object_component id="oc-2f4">
         <name>.data</name>
         <load_address>0x2624</load_address>
         <run_address>0x2624</run_address>
         <size>0x68</size>
         <input_file_ref idref="fl-75"/>
      </object_component>
      <object_component id="oc-350">
         <name>.data</name>
         <load_address>0x26a6</load_address>
         <run_address>0x26a6</run_address>
         <size>0x8</size>
         <input_file_ref idref="fl-5a"/>
      </object_component>
      <object_component id="oc-352">
         <name>.data:sigtable</name>
         <load_address>0x2400</load_address>
         <run_address>0x2400</run_address>
         <size>0xb0</size>
         <input_file_ref idref="fl-6a"/>
      </object_component>
      <object_component id="oc-73">
         <name>.debug_info</name>
         <load_address>0x0</load_address>
         <run_address>0x0</run_address>
         <size>0x125</size>
         <input_file_ref idref="fl-25"/>
      </object_component>
      <object_component id="oc-85">
         <name>.debug_info</name>
         <load_address>0x125</load_address>
         <run_address>0x125</run_address>
         <size>0x1b4</size>
         <input_file_ref idref="fl-26"/>
      </object_component>
      <object_component id="oc-8a">
         <name>.debug_info</name>
         <load_address>0x2d9</load_address>
         <run_address>0x2d9</run_address>
         <size>0x183</size>
         <input_file_ref idref="fl-28"/>
      </object_component>
      <object_component id="oc-8f">
         <name>.debug_info</name>
         <load_address>0x45c</load_address>
         <run_address>0x45c</run_address>
         <size>0x1a7</size>
         <input_file_ref idref="fl-27"/>
      </object_component>
      <object_component id="oc-94">
         <name>.debug_info</name>
         <load_address>0x603</load_address>
         <run_address>0x603</run_address>
         <size>0xaa</size>
         <input_file_ref idref="fl-25"/>
      </object_component>
      <object_component id="oc-97">
         <name>.debug_info</name>
         <load_address>0x6ad</load_address>
         <run_address>0x6ad</run_address>
         <size>0xc2</size>
         <input_file_ref idref="fl-4a"/>
      </object_component>
      <object_component id="oc-9b">
         <name>.debug_info</name>
         <load_address>0x76f</load_address>
         <run_address>0x76f</run_address>
         <size>0xfd</size>
         <input_file_ref idref="fl-51"/>
      </object_component>
      <object_component id="oc-a0">
         <name>.debug_info</name>
         <load_address>0x86c</load_address>
         <run_address>0x86c</run_address>
         <size>0x176</size>
         <input_file_ref idref="fl-5d"/>
      </object_component>
      <object_component id="oc-a5">
         <name>.debug_info</name>
         <load_address>0x9e2</load_address>
         <run_address>0x9e2</run_address>
         <size>0x1c2</size>
         <input_file_ref idref="fl-3"/>
      </object_component>
      <object_component id="oc-aa">
         <name>.debug_info</name>
         <load_address>0xba4</load_address>
         <run_address>0xba4</run_address>
         <size>0xcc</size>
         <input_file_ref idref="fl-2d"/>
      </object_component>
      <object_component id="oc-b0">
         <name>.debug_info</name>
         <load_address>0xc70</load_address>
         <run_address>0xc70</run_address>
         <size>0x181</size>
         <input_file_ref idref="fl-3"/>
      </object_component>
      <object_component id="oc-b5">
         <name>.debug_info</name>
         <load_address>0xdf1</load_address>
         <run_address>0xdf1</run_address>
         <size>0xcd</size>
         <input_file_ref idref="fl-29"/>
      </object_component>
      <object_component id="oc-b9">
         <name>.debug_info</name>
         <load_address>0xebe</load_address>
         <run_address>0xebe</run_address>
         <size>0x46</size>
         <input_file_ref idref="fl-26"/>
      </object_component>
      <object_component id="oc-be">
         <name>.debug_info</name>
         <load_address>0xf04</load_address>
         <run_address>0xf04</run_address>
         <size>0x184</size>
         <input_file_ref idref="fl-26"/>
      </object_component>
      <object_component id="oc-c0">
         <name>.debug_info</name>
         <load_address>0x1088</load_address>
         <run_address>0x1088</run_address>
         <size>0x46</size>
         <input_file_ref idref="fl-28"/>
      </object_component>
      <object_component id="oc-c5">
         <name>.debug_info</name>
         <load_address>0x10ce</load_address>
         <run_address>0x10ce</run_address>
         <size>0x17f</size>
         <input_file_ref idref="fl-28"/>
      </object_component>
      <object_component id="oc-c7">
         <name>.debug_info</name>
         <load_address>0x124d</load_address>
         <run_address>0x124d</run_address>
         <size>0x266</size>
         <input_file_ref idref="fl-27"/>
      </object_component>
      <object_component id="oc-cc">
         <name>.debug_info</name>
         <load_address>0x14b3</load_address>
         <run_address>0x14b3</run_address>
         <size>0x189</size>
         <input_file_ref idref="fl-27"/>
      </object_component>
      <object_component id="oc-cd">
         <name>.debug_info</name>
         <load_address>0x163c</load_address>
         <run_address>0x163c</run_address>
         <size>0x39</size>
         <input_file_ref idref="fl-27"/>
      </object_component>
      <object_component id="oc-d4">
         <name>.debug_info</name>
         <load_address>0x1675</load_address>
         <run_address>0x1675</run_address>
         <size>0x84</size>
         <input_file_ref idref="fl-2"/>
      </object_component>
      <object_component id="oc-dc">
         <name>.debug_info</name>
         <load_address>0x16f9</load_address>
         <run_address>0x16f9</run_address>
         <size>0x2e0</size>
         <input_file_ref idref="fl-5d"/>
      </object_component>
      <object_component id="oc-de">
         <name>.debug_info</name>
         <load_address>0x19d9</load_address>
         <run_address>0x19d9</run_address>
         <size>0xfb</size>
         <input_file_ref idref="fl-3"/>
      </object_component>
      <object_component id="oc-e3">
         <name>.debug_info</name>
         <load_address>0x1ad4</load_address>
         <run_address>0x1ad4</run_address>
         <size>0xf0</size>
         <input_file_ref idref="fl-3"/>
      </object_component>
      <object_component id="oc-e8">
         <name>.debug_info</name>
         <load_address>0x1bc4</load_address>
         <run_address>0x1bc4</run_address>
         <size>0x15c</size>
         <input_file_ref idref="fl-3"/>
      </object_component>
      <object_component id="oc-ed">
         <name>.debug_info</name>
         <load_address>0x1d20</load_address>
         <run_address>0x1d20</run_address>
         <size>0xd5</size>
         <input_file_ref idref="fl-3"/>
      </object_component>
      <object_component id="oc-f2">
         <name>.debug_info</name>
         <load_address>0x1df5</load_address>
         <run_address>0x1df5</run_address>
         <size>0xe3</size>
         <input_file_ref idref="fl-3"/>
      </object_component>
      <object_component id="oc-f7">
         <name>.debug_info</name>
         <load_address>0x1ed8</load_address>
         <run_address>0x1ed8</run_address>
         <size>0xf9</size>
         <input_file_ref idref="fl-3"/>
      </object_component>
      <object_component id="oc-fc">
         <name>.debug_info</name>
         <load_address>0x1fd1</load_address>
         <run_address>0x1fd1</run_address>
         <size>0x14b</size>
         <input_file_ref idref="fl-2"/>
      </object_component>
      <object_component id="oc-fe">
         <name>.debug_info</name>
         <load_address>0x211c</load_address>
         <run_address>0x211c</run_address>
         <size>0x15b</size>
         <input_file_ref idref="fl-4"/>
      </object_component>
      <object_component id="oc-103">
         <name>.debug_info</name>
         <load_address>0x2277</load_address>
         <run_address>0x2277</run_address>
         <size>0x1c7</size>
         <input_file_ref idref="fl-4"/>
      </object_component>
      <object_component id="oc-108">
         <name>.debug_info</name>
         <load_address>0x243e</load_address>
         <run_address>0x243e</run_address>
         <size>0xa5</size>
         <input_file_ref idref="fl-3"/>
      </object_component>
      <object_component id="oc-10a">
         <name>.debug_info</name>
         <load_address>0x24e3</load_address>
         <run_address>0x24e3</run_address>
         <size>0x180</size>
         <input_file_ref idref="fl-4"/>
      </object_component>
      <object_component id="oc-10f">
         <name>.debug_info</name>
         <load_address>0x2663</load_address>
         <run_address>0x2663</run_address>
         <size>0x8ca</size>
         <input_file_ref idref="fl-3"/>
      </object_component>
      <object_component id="oc-111">
         <name>.debug_info</name>
         <load_address>0x2f2d</load_address>
         <run_address>0x2f2d</run_address>
         <size>0xad</size>
         <input_file_ref idref="fl-3"/>
      </object_component>
      <object_component id="oc-117">
         <name>.debug_info</name>
         <load_address>0x2fda</load_address>
         <run_address>0x2fda</run_address>
         <size>0xdd</size>
         <input_file_ref idref="fl-32"/>
      </object_component>
      <object_component id="oc-11a">
         <name>.debug_info</name>
         <load_address>0x30b7</load_address>
         <run_address>0x30b7</run_address>
         <size>0x9d</size>
         <input_file_ref idref="fl-3"/>
      </object_component>
      <object_component id="oc-11c">
         <name>.debug_info</name>
         <load_address>0x3154</load_address>
         <run_address>0x3154</run_address>
         <size>0xd4</size>
         <input_file_ref idref="fl-33"/>
      </object_component>
      <object_component id="oc-120">
         <name>.debug_info</name>
         <load_address>0x3228</load_address>
         <run_address>0x3228</run_address>
         <size>0xe8</size>
         <input_file_ref idref="fl-34"/>
      </object_component>
      <object_component id="oc-124">
         <name>.debug_info</name>
         <load_address>0x3310</load_address>
         <run_address>0x3310</run_address>
         <size>0x29b</size>
         <input_file_ref idref="fl-3"/>
      </object_component>
      <object_component id="oc-133">
         <name>.debug_info</name>
         <load_address>0x35ab</load_address>
         <run_address>0x35ab</run_address>
         <size>0x39</size>
         <input_file_ref idref="fl-5d"/>
      </object_component>
      <object_component id="oc-139">
         <name>.debug_info</name>
         <load_address>0x35e4</load_address>
         <run_address>0x35e4</run_address>
         <size>0xbb</size>
         <input_file_ref idref="fl-3"/>
      </object_component>
      <object_component id="oc-13b">
         <name>.debug_info</name>
         <load_address>0x369f</load_address>
         <run_address>0x369f</run_address>
         <size>0x126</size>
         <input_file_ref idref="fl-3"/>
      </object_component>
      <object_component id="oc-142">
         <name>.debug_info</name>
         <load_address>0x37c5</load_address>
         <run_address>0x37c5</run_address>
         <size>0x183</size>
         <input_file_ref idref="fl-4d"/>
      </object_component>
      <object_component id="oc-147">
         <name>.debug_info</name>
         <load_address>0x3948</load_address>
         <run_address>0x3948</run_address>
         <size>0x197</size>
         <input_file_ref idref="fl-3"/>
      </object_component>
      <object_component id="oc-14c">
         <name>.debug_info</name>
         <load_address>0x3adf</load_address>
         <run_address>0x3adf</run_address>
         <size>0x124</size>
         <input_file_ref idref="fl-3"/>
      </object_component>
      <object_component id="oc-151">
         <name>.debug_info</name>
         <load_address>0x3c03</load_address>
         <run_address>0x3c03</run_address>
         <size>0x18b</size>
         <input_file_ref idref="fl-2"/>
      </object_component>
      <object_component id="oc-15b">
         <name>.debug_info</name>
         <load_address>0x3d8e</load_address>
         <run_address>0x3d8e</run_address>
         <size>0x174</size>
         <input_file_ref idref="fl-2"/>
      </object_component>
      <object_component id="oc-15d">
         <name>.debug_info</name>
         <load_address>0x3f02</load_address>
         <run_address>0x3f02</run_address>
         <size>0x1de</size>
         <input_file_ref idref="fl-4"/>
      </object_component>
      <object_component id="oc-15f">
         <name>.debug_info</name>
         <load_address>0x40e0</load_address>
         <run_address>0x40e0</run_address>
         <size>0x169</size>
         <input_file_ref idref="fl-4"/>
      </object_component>
      <object_component id="oc-16d">
         <name>.debug_info</name>
         <load_address>0x4249</load_address>
         <run_address>0x4249</run_address>
         <size>0x1bc</size>
         <input_file_ref idref="fl-4"/>
      </object_component>
      <object_component id="oc-172">
         <name>.debug_info</name>
         <load_address>0x4405</load_address>
         <run_address>0x4405</run_address>
         <size>0xb2</size>
         <input_file_ref idref="fl-4"/>
      </object_component>
      <object_component id="oc-175">
         <name>.debug_info</name>
         <load_address>0x44b7</load_address>
         <run_address>0x44b7</run_address>
         <size>0x1f0</size>
         <input_file_ref idref="fl-4"/>
      </object_component>
      <object_component id="oc-17c">
         <name>.debug_info</name>
         <load_address>0x46a7</load_address>
         <run_address>0x46a7</run_address>
         <size>0x239</size>
         <input_file_ref idref="fl-2"/>
      </object_component>
      <object_component id="oc-189">
         <name>.debug_info</name>
         <load_address>0x48e0</load_address>
         <run_address>0x48e0</run_address>
         <size>0x177</size>
         <input_file_ref idref="fl-3"/>
      </object_component>
      <object_component id="oc-18e">
         <name>.debug_info</name>
         <load_address>0x4a57</load_address>
         <run_address>0x4a57</run_address>
         <size>0xbd</size>
         <input_file_ref idref="fl-3"/>
      </object_component>
      <object_component id="oc-190">
         <name>.debug_info</name>
         <load_address>0x4b14</load_address>
         <run_address>0x4b14</run_address>
         <size>0xa3</size>
         <input_file_ref idref="fl-3"/>
      </object_component>
      <object_component id="oc-192">
         <name>.debug_info</name>
         <load_address>0x4bb7</load_address>
         <run_address>0x4bb7</run_address>
         <size>0x11b</size>
         <input_file_ref idref="fl-30"/>
      </object_component>
      <object_component id="oc-197">
         <name>.debug_info</name>
         <load_address>0x4cd2</load_address>
         <run_address>0x4cd2</run_address>
         <size>0x793</size>
         <input_file_ref idref="fl-50"/>
      </object_component>
      <object_component id="oc-19e">
         <name>.debug_info</name>
         <load_address>0x5465</load_address>
         <run_address>0x5465</run_address>
         <size>0x188</size>
         <input_file_ref idref="fl-2f"/>
      </object_component>
      <object_component id="oc-1a1">
         <name>.debug_info</name>
         <load_address>0x55ed</load_address>
         <run_address>0x55ed</run_address>
         <size>0x193</size>
         <input_file_ref idref="fl-31"/>
      </object_component>
      <object_component id="oc-1a6">
         <name>.debug_info</name>
         <load_address>0x5780</load_address>
         <run_address>0x5780</run_address>
         <size>0x138</size>
         <input_file_ref idref="fl-2e"/>
      </object_component>
      <object_component id="oc-1ab">
         <name>.debug_info</name>
         <load_address>0x58b8</load_address>
         <run_address>0x58b8</run_address>
         <size>0xeb</size>
         <input_file_ref idref="fl-2b"/>
      </object_component>
      <object_component id="oc-1b0">
         <name>.debug_info</name>
         <load_address>0x59a3</load_address>
         <run_address>0x59a3</run_address>
         <size>0xe3</size>
         <input_file_ref idref="fl-4e"/>
      </object_component>
      <object_component id="oc-1b7">
         <name>.debug_info</name>
         <load_address>0x5a86</load_address>
         <run_address>0x5a86</run_address>
         <size>0x117</size>
         <input_file_ref idref="fl-4d"/>
      </object_component>
      <object_component id="oc-1b8">
         <name>.debug_info</name>
         <load_address>0x5b9d</load_address>
         <run_address>0x5b9d</run_address>
         <size>0x2c</size>
         <input_file_ref idref="fl-4d"/>
      </object_component>
      <object_component id="oc-1be">
         <name>.debug_info</name>
         <load_address>0x5bc9</load_address>
         <run_address>0x5bc9</run_address>
         <size>0xa3</size>
         <input_file_ref idref="fl-3"/>
      </object_component>
      <object_component id="oc-1c6">
         <name>.debug_info</name>
         <load_address>0x5c6c</load_address>
         <run_address>0x5c6c</run_address>
         <size>0x2cb</size>
         <input_file_ref idref="fl-5"/>
      </object_component>
      <object_component id="oc-1e8">
         <name>.debug_info</name>
         <load_address>0x5f37</load_address>
         <run_address>0x5f37</run_address>
         <size>0xd4</size>
         <input_file_ref idref="fl-2a"/>
      </object_component>
      <object_component id="oc-1f2">
         <name>.debug_info</name>
         <load_address>0x600b</load_address>
         <run_address>0x600b</run_address>
         <size>0x105</size>
         <input_file_ref idref="fl-30"/>
      </object_component>
      <object_component id="oc-1f4">
         <name>.debug_info</name>
         <load_address>0x6110</load_address>
         <run_address>0x6110</run_address>
         <size>0x147</size>
         <input_file_ref idref="fl-54"/>
      </object_component>
      <object_component id="oc-1f9">
         <name>.debug_info</name>
         <load_address>0x6257</load_address>
         <run_address>0x6257</run_address>
         <size>0x17c</size>
         <input_file_ref idref="fl-53"/>
      </object_component>
      <object_component id="oc-1fe">
         <name>.debug_info</name>
         <load_address>0x63d3</load_address>
         <run_address>0x63d3</run_address>
         <size>0x19f</size>
         <input_file_ref idref="fl-5e"/>
      </object_component>
      <object_component id="oc-203">
         <name>.debug_info</name>
         <load_address>0x6572</load_address>
         <run_address>0x6572</run_address>
         <size>0x127</size>
         <input_file_ref idref="fl-56"/>
      </object_component>
      <object_component id="oc-208">
         <name>.debug_info</name>
         <load_address>0x6699</load_address>
         <run_address>0x6699</run_address>
         <size>0x189</size>
         <input_file_ref idref="fl-59"/>
      </object_component>
      <object_component id="oc-20a">
         <name>.debug_info</name>
         <load_address>0x6822</load_address>
         <run_address>0x6822</run_address>
         <size>0x10d</size>
         <input_file_ref idref="fl-4f"/>
      </object_component>
      <object_component id="oc-20f">
         <name>.debug_info</name>
         <load_address>0x692f</load_address>
         <run_address>0x692f</run_address>
         <size>0x1d2</size>
         <input_file_ref idref="fl-5b"/>
      </object_component>
      <object_component id="oc-214">
         <name>.debug_info</name>
         <load_address>0x6b01</load_address>
         <run_address>0x6b01</run_address>
         <size>0x20d</size>
         <input_file_ref idref="fl-66"/>
      </object_component>
      <object_component id="oc-219">
         <name>.debug_info</name>
         <load_address>0x6d0e</load_address>
         <run_address>0x6d0e</run_address>
         <size>0x169</size>
         <input_file_ref idref="fl-52"/>
      </object_component>
      <object_component id="oc-21e">
         <name>.debug_info</name>
         <load_address>0x6e77</load_address>
         <run_address>0x6e77</run_address>
         <size>0x13c</size>
         <input_file_ref idref="fl-62"/>
      </object_component>
      <object_component id="oc-223">
         <name>.debug_info</name>
         <load_address>0x6fb3</load_address>
         <run_address>0x6fb3</run_address>
         <size>0x10f</size>
         <input_file_ref idref="fl-65"/>
      </object_component>
      <object_component id="oc-229">
         <name>.debug_info</name>
         <load_address>0x70c2</load_address>
         <run_address>0x70c2</run_address>
         <size>0x1fc</size>
         <input_file_ref idref="fl-5f"/>
      </object_component>
      <object_component id="oc-22d">
         <name>.debug_info</name>
         <load_address>0x72be</load_address>
         <run_address>0x72be</run_address>
         <size>0x5b7</size>
         <input_file_ref idref="fl-55"/>
      </object_component>
      <object_component id="oc-232">
         <name>.debug_info</name>
         <load_address>0x7875</load_address>
         <run_address>0x7875</run_address>
         <size>0x219</size>
         <input_file_ref idref="fl-50"/>
      </object_component>
      <object_component id="oc-234">
         <name>.debug_info</name>
         <load_address>0x7a8e</load_address>
         <run_address>0x7a8e</run_address>
         <size>0xd9</size>
         <input_file_ref idref="fl-4b"/>
      </object_component>
      <object_component id="oc-238">
         <name>.debug_info</name>
         <load_address>0x7b67</load_address>
         <run_address>0x7b67</run_address>
         <size>0xd3</size>
         <input_file_ref idref="fl-4c"/>
      </object_component>
      <object_component id="oc-23c">
         <name>.debug_info</name>
         <load_address>0x7c3a</load_address>
         <run_address>0x7c3a</run_address>
         <size>0x106</size>
         <input_file_ref idref="fl-2f"/>
      </object_component>
      <object_component id="oc-23d">
         <name>.debug_info</name>
         <load_address>0x7d40</load_address>
         <run_address>0x7d40</run_address>
         <size>0x94</size>
         <input_file_ref idref="fl-2f"/>
      </object_component>
      <object_component id="oc-243">
         <name>.debug_info</name>
         <load_address>0x7dd4</load_address>
         <run_address>0x7dd4</run_address>
         <size>0xd9</size>
         <input_file_ref idref="fl-4c"/>
      </object_component>
      <object_component id="oc-247">
         <name>.debug_info</name>
         <load_address>0x7ead</load_address>
         <run_address>0x7ead</run_address>
         <size>0x106</size>
         <input_file_ref idref="fl-31"/>
      </object_component>
      <object_component id="oc-249">
         <name>.debug_info</name>
         <load_address>0x7fb3</load_address>
         <run_address>0x7fb3</run_address>
         <size>0x10a</size>
         <input_file_ref idref="fl-57"/>
      </object_component>
      <object_component id="oc-24e">
         <name>.debug_info</name>
         <load_address>0x80bd</load_address>
         <run_address>0x80bd</run_address>
         <size>0x179</size>
         <input_file_ref idref="fl-58"/>
      </object_component>
      <object_component id="oc-251">
         <name>.debug_info</name>
         <load_address>0x8236</load_address>
         <run_address>0x8236</run_address>
         <size>0xd6</size>
         <input_file_ref idref="fl-2c"/>
      </object_component>
      <object_component id="oc-25b">
         <name>.debug_info</name>
         <load_address>0x830c</load_address>
         <run_address>0x830c</run_address>
         <size>0x1e0</size>
         <input_file_ref idref="fl-5"/>
      </object_component>
      <object_component id="oc-260">
         <name>.debug_info</name>
         <load_address>0x84ec</load_address>
         <run_address>0x84ec</run_address>
         <size>0x121</size>
         <input_file_ref idref="fl-6b"/>
      </object_component>
      <object_component id="oc-265">
         <name>.debug_info</name>
         <load_address>0x860d</load_address>
         <run_address>0x860d</run_address>
         <size>0x141</size>
         <input_file_ref idref="fl-54"/>
      </object_component>
      <object_component id="oc-269">
         <name>.debug_info</name>
         <load_address>0x874e</load_address>
         <run_address>0x874e</run_address>
         <size>0x136</size>
         <input_file_ref idref="fl-53"/>
      </object_component>
      <object_component id="oc-26b">
         <name>.debug_info</name>
         <load_address>0x8884</load_address>
         <run_address>0x8884</run_address>
         <size>0x104</size>
         <input_file_ref idref="fl-5e"/>
      </object_component>
      <object_component id="oc-26d">
         <name>.debug_info</name>
         <load_address>0x8988</load_address>
         <run_address>0x8988</run_address>
         <size>0x143</size>
         <input_file_ref idref="fl-61"/>
      </object_component>
      <object_component id="oc-272">
         <name>.debug_info</name>
         <load_address>0x8acb</load_address>
         <run_address>0x8acb</run_address>
         <size>0xaa</size>
         <input_file_ref idref="fl-60"/>
      </object_component>
      <object_component id="oc-276">
         <name>.debug_info</name>
         <load_address>0x8b75</load_address>
         <run_address>0x8b75</run_address>
         <size>0x86</size>
         <input_file_ref idref="fl-3"/>
      </object_component>
      <object_component id="oc-27d">
         <name>.debug_info</name>
         <load_address>0x8bfb</load_address>
         <run_address>0x8bfb</run_address>
         <size>0x267</size>
         <input_file_ref idref="fl-63"/>
      </object_component>
      <object_component id="oc-282">
         <name>.debug_info</name>
         <load_address>0x8e62</load_address>
         <run_address>0x8e62</run_address>
         <size>0x147</size>
         <input_file_ref idref="fl-5b"/>
      </object_component>
      <object_component id="oc-284">
         <name>.debug_info</name>
         <load_address>0x8fa9</load_address>
         <run_address>0x8fa9</run_address>
         <size>0x313</size>
         <input_file_ref idref="fl-71"/>
      </object_component>
      <object_component id="oc-289">
         <name>.debug_info</name>
         <load_address>0x92bc</load_address>
         <run_address>0x92bc</run_address>
         <size>0x142</size>
         <input_file_ref idref="fl-66"/>
      </object_component>
      <object_component id="oc-28b">
         <name>.debug_info</name>
         <load_address>0x93fe</load_address>
         <run_address>0x93fe</run_address>
         <size>0x104</size>
         <input_file_ref idref="fl-52"/>
      </object_component>
      <object_component id="oc-28d">
         <name>.debug_info</name>
         <load_address>0x9502</load_address>
         <run_address>0x9502</run_address>
         <size>0x105</size>
         <input_file_ref idref="fl-62"/>
      </object_component>
      <object_component id="oc-28f">
         <name>.debug_info</name>
         <load_address>0x9607</load_address>
         <run_address>0x9607</run_address>
         <size>0x5e2</size>
         <input_file_ref idref="fl-6e"/>
      </object_component>
      <object_component id="oc-294">
         <name>.debug_info</name>
         <load_address>0x9be9</load_address>
         <run_address>0x9be9</run_address>
         <size>0x126</size>
         <input_file_ref idref="fl-65"/>
      </object_component>
[...]
         <name>__TI_int51</name>
         <value>0xffe6</value>
         <object_component_ref idref="oc-78"/>
      </symbol>
      <symbol id="sm-5a0">
         <name>__TI_int52</name>
         <value>0xffe8</value>
         <object_component_ref idref="oc-79"/>
      </symbol>
      <symbol id="sm-5a3">
         <name>__TI_int53</name>
         <value>0xffea</value>
         <object_component_ref idref="oc-7a"/>
      </symbol>
      <symbol id="sm-5a6">
         <name>__TI_int55</name>
         <value>0xffee</value>
         <object_component_ref idref="oc-7c"/>
      </symbol>
      <symbol id="sm-5a9">
         <name>__TI_int56</name>
         <value>0xfff0</value>
         <object_component_ref idref="oc-7d"/>
      </symbol>
      <symbol id="sm-5ac">
         <name>__TI_int57</name>
         <value>0xfff2</value>
         <object_component_ref idref="oc-7e"/>
      </symbol>
      <symbol id="sm-5af">
         <name>__TI_int58</name>
         <value>0xfff4</value>
         <object_component_ref idref="oc-7f"/>
      </symbol>
      <symbol id="sm-5b2">
         <name>__TI_int59</name>
         <value>0xfff6</value>
         <object_component_ref idref="oc-80"/>
      </symbol>
      <symbol id="sm-5b5">
         <name>__TI_int60</name>
         <value>0xfff8</value>
         <object_component_ref idref="oc-81"/>
      </symbol>
      <symbol id="sm-5b8">
         <name>__TI_int61</name>
         <value>0xfffa</value>
         <object_component_ref idref="oc-82"/>
      </symbol>
      <symbol id="sm-5bb">
         <name>__TI_int62</name>
         <value>0xfffc</value>
         <object_component_ref idref="oc-83"/>
      </symbol>
      <symbol id="sm-5c2">
         <name>__TI_ISR_TRAP</name>
         <value>0x7d48</value>
         <object_component_ref idref="oc-96"/>
      </symbol>
      <symbol id="sm-5d0">
         <name>__mspabi_slll_9</name>
         <value>0x7948</value>
         <object_component_ref idref="oc-233"/>
      </symbol>
      <symbol id="sm-5d1">
         <name>__mspabi_slll_8</name>
         <value>0x794c</value>
         <object_component_ref idref="oc-233"/>
      </symbol>
      <symbol id="sm-5d2">
         <name>__mspabi_slll_7</name>
         <value>0x7950</value>
         <object_component_ref idref="oc-233"/>
      </symbol>
      <symbol id="sm-5d3">
         <name>__mspabi_slll_6</name>
         <value>0x7954</value>
         <object_component_ref idref="oc-233"/>
      </symbol>
      <symbol id="sm-5d4">
         <name>__mspabi_slll_5</name>
         <value>0x7958</value>
         <object_component_ref idref="oc-233"/>
      </symbol>
      <symbol id="sm-5d5">
         <name>__mspabi_slll_4</name>
         <value>0x795c</value>
         <object_component_ref idref="oc-233"/>
      </symbol>
      <symbol id="sm-5d6">
         <name>__mspabi_slll_3</name>
         <value>0x7960</value>
         <object_component_ref idref="oc-233"/>
      </symbol>
      <symbol id="sm-5d7">
         <name>__mspabi_slll_2</name>
         <value>0x7964</value>
         <object_component_ref idref="oc-233"/>
      </symbol>
      <symbol id="sm-5d8">
         <name>__mspabi_slll_1</name>
         <value>0x7968</value>
         <object_component_ref idref="oc-233"/>
      </symbol>
      <symbol id="sm-5d9">
         <name>__mspabi_slll</name>
         <value>0x7cd4</value>
         <object_component_ref idref="oc-2d3"/>
      </symbol>
      <symbol id="sm-5da">
         <name>__mspabi_slll_15</name>
         <value>0x7930</value>
         <object_component_ref idref="oc-233"/>
      </symbol>
      <symbol id="sm-5db">
         <name>__mspabi_slll_14</name>
         <value>0x7934</value>
         <object_component_ref idref="oc-233"/>
      </symbol>
      <symbol id="sm-5dc">
         <name>__mspabi_slll_13</name>
         <value>0x7938</value>
         <object_component_ref idref="oc-233"/>
      </symbol>
      <symbol id="sm-5dd">
         <name>__mspabi_slll_12</name>
         <value>0x793c</value>
         <object_component_ref idref="oc-233"/>
      </symbol>
      <symbol id="sm-5de">
         <name>__mspabi_slll_11</name>
         <value>0x7940</value>
         <object_component_ref idref="oc-233"/>
      </symbol>
      <symbol id="sm-5df">
         <name>__mspabi_slll_10</name>
         <value>0x7944</value>
         <object_component_ref idref="oc-233"/>
      </symbol>
      <symbol id="sm-5ed">
         <name>__mspabi_srll_8</name>
         <value>0x798a</value>
         <object_component_ref idref="oc-242"/>
      </symbol>
      <symbol id="sm-5ee">
         <name>__mspabi_srll_9</name>
         <value>0x7986</value>
         <object_component_ref idref="oc-242"/>
      </symbol>
      <symbol id="sm-5ef">
         <name>__mspabi_srll_6</name>
         <value>0x7992</value>
         <object_component_ref idref="oc-242"/>
      </symbol>
      <symbol id="sm-5f0">
         <name>__mspabi_srll_7</name>
         <value>0x798e</value>
         <object_component_ref idref="oc-242"/>
      </symbol>
      <symbol id="sm-5f1">
         <name>__mspabi_srll_4</name>
         <value>0x799a</value>
         <object_component_ref idref="oc-242"/>
      </symbol>
      <symbol id="sm-5f2">
         <name>__mspabi_srll_5</name>
         <value>0x7996</value>
         <object_component_ref idref="oc-242"/>
      </symbol>
      <symbol id="sm-5f3">
         <name>__mspabi_srll_2</name>
         <value>0x79a2</value>
         <object_component_ref idref="oc-242"/>
      </symbol>
      <symbol id="sm-5f4">
         <name>__mspabi_srll_3</name>
         <value>0x799e</value>
         <object_component_ref idref="oc-242"/>
      </symbol>
      <symbol id="sm-5f5">
         <name>__mspabi_srll_1</name>
         <value>0x79a6</value>
         <object_component_ref idref="oc-242"/>
      </symbol>
      <symbol id="sm-5f6">
         <name>__mspabi_srll_15</name>
         <value>0x796e</value>
         <object_component_ref idref="oc-242"/>
      </symbol>
      <symbol id="sm-5f7">
         <name>__mspabi_srll_14</name>
         <value>0x7972</value>
         <object_component_ref idref="oc-242"/>
      </symbol>
      <symbol id="sm-5f8">
         <name>__mspabi_srll_13</name>
         <value>0x7976</value>
         <object_component_ref idref="oc-242"/>
      </symbol>
      <symbol id="sm-5f9">
         <name>__mspabi_srll_12</name>
         <value>0x797a</value>
         <object_component_ref idref="oc-242"/>
      </symbol>
      <symbol id="sm-5fa">
         <name>__mspabi_srll_11</name>
         <value>0x797e</value>
         <object_component_ref idref="oc-242"/>
      </symbol>
      <symbol id="sm-5fb">
         <name>__mspabi_srll_10</name>
         <value>0x7982</value>
         <object_component_ref idref="oc-242"/>
      </symbol>
      <symbol id="sm-5fc">
         <name>__mspabi_srll</name>
         <value>0x7ce4</value>
         <object_component_ref idref="oc-237"/>
      </symbol>
      <symbol id="sm-60e">
         <name>memset</name>
         <value>0x7ca0</value>
         <object_component_ref idref="oc-141"/>
      </symbol>
      <symbol id="sm-615">
         <name>__mspabi_mpyi_f5hw</name>
         <value>0x7c76</value>
         <object_component_ref idref="oc-1ae"/>
      </symbol>
      <symbol id="sm-61d">
         <name>__mspabi_negd</name>
         <value>0x7bb6</value>
         <object_component_ref idref="oc-209"/>
      </symbol>
      <symbol id="sm-661">
         <name>pow</name>
         <value>0x452e</value>
         <object_component_ref idref="oc-196"/>
      </symbol>
      <symbol id="sm-669">
         <name>_system_pre_init</name>
         <value>0x7d52</value>
         <object_component_ref idref="oc-9a"/>
      </symbol>
      <symbol id="sm-674">
         <name>__mspabi_subd</name>
         <value>0x7b22</value>
         <object_component_ref idref="oc-218"/>
      </symbol>
      <symbol id="sm-692">
         <name>_Dint</name>
         <value>0x701c</value>
         <object_component_ref idref="oc-1f8"/>
      </symbol>
      <symbol id="sm-6a3">
         <name>_Dunscale</name>
         <value>0x746a</value>
         <object_component_ref idref="oc-1f3"/>
      </symbol>
      <symbol id="sm-6c9">
         <name>_Exp</name>
         <value>0x5832</value>
         <object_component_ref idref="oc-22c"/>
      </symbol>
      <symbol id="sm-6d4">
         <name>_Feraise</name>
         <value>0x7af0</value>
         <object_component_ref idref="oc-202"/>
      </symbol>
      <symbol id="sm-6df">
         <name>_LDtest</name>
         <value>0x7d4e</value>
         <object_component_ref idref="oc-248"/>
      </symbol>
      <symbol id="sm-6e5">
         <name>_LRteps</name>
         <value>0x2604</value>
         <object_component_ref idref="oc-24d"/>
      </symbol>
      <symbol id="sm-6e6">
         <name>_LXbig</name>
         <value>0x2614</value>
         <object_component_ref idref="oc-24d"/>
      </symbol>
      <symbol id="sm-6e7">
         <name>_LNan</name>
         <value>0x25e4</value>
         <object_component_ref idref="oc-24d"/>
      </symbol>
      <symbol id="sm-6e8">
         <name>_LInf</name>
         <value>0x25d4</value>
         <object_component_ref idref="oc-24d"/>
      </symbol>
      <symbol id="sm-6e9">
         <name>_LEps</name>
         <value>0x25c4</value>
         <object_component_ref idref="oc-24d"/>
      </symbol>
      <symbol id="sm-6ea">
         <name>_LZero</name>
         <value>0x261c</value>
         <object_component_ref idref="oc-24d"/>
      </symbol>
      <symbol id="sm-6eb">
         <name>_LDenorm</name>
         <value>0x25b4</value>
         <object_component_ref idref="oc-24d"/>
      </symbol>
      <symbol id="sm-6ec">
         <name>_LSnan</name>
         <value>0x25f4</value>
         <object_component_ref idref="oc-24d"/>
      </symbol>
      <symbol id="sm-6f2">
         <name>_Rteps</name>
         <value>0x2594</value>
         <object_component_ref idref="oc-207"/>
      </symbol>
      <symbol id="sm-6f3">
         <name>_Zero</name>
         <value>0x25ac</value>
         <object_component_ref idref="oc-207"/>
      </symbol>
      <symbol id="sm-6f4">
         <name>_Hugeval</name>
         <value>0x2554</value>
         <object_component_ref idref="oc-207"/>
      </symbol>
      <symbol id="sm-6f5">
         <name>_Snan</name>
         <value>0x2584</value>
         <object_component_ref idref="oc-207"/>
      </symbol>
      <symbol id="sm-6f6">
         <name>_Nan</name>
         <value>0x2574</value>
         <object_component_ref idref="oc-207"/>
      </symbol>
      <symbol id="sm-6f7">
         <name>_Inf</name>
         <value>0x2564</value>
         <object_component_ref idref="oc-207"/>
      </symbol>
      <symbol id="sm-6f8">
         <name>_Xbig</name>
         <value>0x25a4</value>
         <object_component_ref idref="oc-207"/>
      </symbol>
      <symbol id="sm-6f9">
         <name>_Eps</name>
         <value>0x2544</value>
         <object_component_ref idref="oc-207"/>
      </symbol>
      <symbol id="sm-6fa">
         <name>_Denorm</name>
         <value>0x2534</value>
         <object_component_ref idref="oc-207"/>
      </symbol>
      <symbol id="sm-709">
         <name>_nop</name>
         <value>0x7d5a</value>
         <object_component_ref idref="oc-361"/>
      </symbol>
      <symbol id="sm-70a">
         <name>_lock</name>
         <value>0x26a6</value>
         <object_component_ref idref="oc-350"/>
      </symbol>
      <symbol id="sm-70b">
         <name>_unlock</name>
         <value>0x26aa</value>
         <object_component_ref idref="oc-350"/>
      </symbol>
      <symbol id="sm-72c">
         <name>__mspabi_addd</name>
         <value>0x5e9c</value>
         <object_component_ref idref="oc-20e"/>
      </symbol>
      <symbol id="sm-742">
         <name>_auto_init</name>
         <value>0x74dc</value>
         <object_component_ref idref="oc-9f"/>
      </symbol>
      <symbol id="sm-75e">
         <name>__mspabi_cmpd</name>
         <value>0x69d0</value>
         <object_component_ref idref="oc-1fd"/>
      </symbol>
      <symbol id="sm-77e">
         <name>__mspabi_divd</name>
         <value>0x6618</value>
         <object_component_ref idref="oc-227"/>
      </symbol>
      <symbol id="sm-784">
         <name>_Errno</name>
         <value>0x26ba</value>
         <object_component_ref idref="oc-271"/>
      </symbol>
      <symbol id="sm-79a">
         <name>feraiseexcept</name>
         <value>0x7b86</value>
         <object_component_ref idref="oc-26c"/>
      </symbol>
      <symbol id="sm-79b">
         <name>_Tls_setup__Fenv</name>
         <value>0x26b2</value>
         <object_component_ref idref="oc-2c9"/>
      </symbol>
      <symbol id="sm-79c">
         <name>_Fenv</name>
         <value>0x26ae</value>
         <object_component_ref idref="oc-2c9"/>
      </symbol>
      <symbol id="sm-7ab">
         <name>__mspabi_fixdi</name>
         <value>0x7be0</value>
         <object_component_ref idref="oc-21d"/>
      </symbol>
      <symbol id="sm-7cb">
         <name>__TI_frcaddd</name>
         <value>0x6174</value>
         <object_component_ref idref="oc-27c"/>
      </symbol>
      <symbol id="sm-7e5">
         <name>__TI_frcdivd</name>
         <value>0x500e</value>
         <object_component_ref idref="oc-295"/>
      </symbol>
      <symbol id="sm-7f0">
         <name>log</name>
         <value>0x7d10</value>
         <object_component_ref idref="oc-222"/>
      </symbol>
      <symbol id="sm-810">
         <name>__mspabi_mpyd</name>
         <value>0x63d4</value>
         <object_component_ref idref="oc-213"/>
      </symbol>
      <symbol id="sm-817">
         <name>__mspabi_mpyl_f5hw</name>
         <value>0x7c08</value>
         <object_component_ref idref="oc-2e4"/>
      </symbol>
      <symbol id="sm-82a">
         <name>raise</name>
         <value>0x7b54</value>
         <object_component_ref idref="oc-2cb"/>
      </symbol>
      <symbol id="sm-83d">
         <name>__TI_renormd</name>
         <value>0x7198</value>
         <object_component_ref idref="oc-2db"/>
      </symbol>
      <symbol id="sm-850">
         <name>signal</name>
         <value>0x7a56</value>
         <object_component_ref idref="oc-327"/>
      </symbol>
      <symbol id="sm-862">
         <name>_Dnorm</name>
         <value>0x6b04</value>
         <object_component_ref idref="oc-25f"/>
      </symbol>
      <symbol id="sm-87f">
         <name>_Dscale</name>
         <value>0x6830</value>
         <object_component_ref idref="oc-2a0"/>
      </symbol>
      <symbol id="sm-88f">
         <name>_Dtest</name>
         <value>0x76c2</value>
         <object_component_ref idref="oc-2b0"/>
      </symbol>
      <symbol id="sm-8b6">
         <name>_Log</name>
         <value>0x4bc6</value>
         <object_component_ref idref="oc-28e"/>
      </symbol>
      <symbol id="sm-8c4">
         <name>__mspabi_sral</name>
         <value>0x7cc4</value>
         <object_component_ref idref="oc-2d7"/>
      </symbol>
      <symbol id="sm-8c5">
         <name>__mspabi_sral_15</name>
         <value>0x78f2</value>
         <object_component_ref idref="oc-2e8"/>
      </symbol>
      <symbol id="sm-8c6">
         <name>__mspabi_sral_14</name>
         <value>0x78f6</value>
         <object_component_ref idref="oc-2e8"/>
      </symbol>
      <symbol id="sm-8c7">
         <name>__mspabi_sral_13</name>
         <value>0x78fa</value>
         <object_component_ref idref="oc-2e8"/>
      </symbol>
      <symbol id="sm-8c8">
         <name>__mspabi_sral_12</name>
         <value>0x78fe</value>
         <object_component_ref idref="oc-2e8"/>
      </symbol>
      <symbol id="sm-8c9">
         <name>__mspabi_sral_11</name>
         <value>0x7902</value>
         <object_component_ref idref="oc-2e8"/>
      </symbol>
      <symbol id="sm-8ca">
         <name>__mspabi_sral_10</name>
         <value>0x7906</value>
         <object_component_ref idref="oc-2e8"/>
      </symbol>
      <symbol id="sm-8cb">
         <name>__mspabi_sral_8</name>
         <value>0x790e</value>
         <object_component_ref idref="oc-2e8"/>
      </symbol>
      <symbol id="sm-8cc">
         <name>__mspabi_sral_9</name>
         <value>0x790a</value>
         <object_component_ref idref="oc-2e8"/>
      </symbol>
      <symbol id="sm-8cd">
         <name>__mspabi_sral_6</name>
         <value>0x7916</value>
         <object_component_ref idref="oc-2e8"/>
      </symbol>
      <symbol id="sm-8ce">
         <name>__mspabi_sral_7</name>
         <value>0x7912</value>
         <object_component_ref idref="oc-2e8"/>
      </symbol>
      <symbol id="sm-8cf">
         <name>__mspabi_sral_4</name>
         <value>0x791e</value>
         <object_component_ref idref="oc-2e8"/>
      </symbol>
      <symbol id="sm-8d0">
         <name>__mspabi_sral_5</name>
         <value>0x791a</value>
         <object_component_ref idref="oc-2e8"/>
      </symbol>
      <symbol id="sm-8d1">
         <name>__mspabi_sral_2</name>
         <value>0x7926</value>
         <object_component_ref idref="oc-2e8"/>
      </symbol>
      <symbol id="sm-8d2">
         <name>__mspabi_sral_3</name>
         <value>0x7922</value>
         <object_component_ref idref="oc-2e8"/>
      </symbol>
      <symbol id="sm-8d3">
         <name>__mspabi_sral_1</name>
         <value>0x792a</value>
         <object_component_ref idref="oc-2e8"/>
      </symbol>
      <symbol id="sm-8e8">
         <name>__mspabi_cvtfd</name>
         <value>0x73f6</value>
         <object_component_ref idref="oc-2fa"/>
      </symbol>
      <symbol id="sm-8f8">
         <name>__TI_frcmpyd</name>
         <value>0x5bc2</value>
         <object_component_ref idref="oc-283"/>
      </symbol>
      <symbol id="sm-900">
         <name>__mspabi_negf</name>
         <value>0x7d2a</value>
         <object_component_ref idref="oc-2f6"/>
      </symbol>
      <symbol id="sm-908">
         <name>__mspabi_slli</name>
         <value>0x7d34</value>
         <object_component_ref idref="oc-311"/>
      </symbol>
      <symbol id="sm-910">
         <name>__mspabi_srli</name>
         <value>0x7d3e</value>
         <object_component_ref idref="oc-30d"/>
      </symbol>
      <symbol id="sm-916">
         <name>_FZero</name>
         <value>0x2688</value>
         <object_component_ref idref="oc-2f4"/>
      </symbol>
      <symbol id="sm-917">
         <name>_FRteps</name>
         <value>0x2674</value>
         <object_component_ref idref="oc-2f4"/>
      </symbol>
      <symbol id="sm-918">
         <name>_FSnan</name>
         <value>0x2664</value>
         <object_component_ref idref="oc-2f4"/>
      </symbol>
      <symbol id="sm-919">
         <name>_FNan</name>
         <value>0x2654</value>
         <object_component_ref idref="oc-2f4"/>
      </symbol>
      <symbol id="sm-91a">
         <name>_FInf</name>
         <value>0x2644</value>
         <object_component_ref idref="oc-2f4"/>
      </symbol>
      <symbol id="sm-91b">
         <name>_FEps</name>
         <value>0x2634</value>
         <object_component_ref idref="oc-2f4"/>
      </symbol>
      <symbol id="sm-91c">
         <name>_FXbig</name>
         <value>0x2684</value>
         <object_component_ref idref="oc-2f4"/>
      </symbol>
      <symbol id="sm-91d">
         <name>_FDenorm</name>
         <value>0x2624</value>
         <object_component_ref idref="oc-2f4"/>
      </symbol>
      <symbol id="sm-91e">
         <name>__TI_exit</name>
         <value>0x1</value>
      </symbol>
      <symbol id="sm-91f">
         <name>__TI_args_main</name>
         <value>0x1</value>
      </symbol>
      <symbol id="sm-920">
         <name>__TI_INITARRAY_Base</name>
         <value>0x0</value>
      </symbol>
      <symbol id="sm-921">
         <name>__TI_INITARRAY_Limit</name>
         <value>0x0</value>
      </symbol>
   </symbol_table>
   <title>Link successful</title>
</link_info>
